
> viztechstack@ build D:\lh222k\CWJ\VizTechStack
> turbo build "--filter" "@viztechstack/web"

• turbo 2.8.12
• Packages in scope: @viztechstack/web
• Running build in 1 packages
• Remote caching disabled
@viztechstack/types:build: cache hit, replaying logs c09301dd23c961f6
@viztechstack/types:build: 
@viztechstack/types:build: > @viztechstack/types@0.0.0 build D:\lh222k\CWJ\VizTechStack\packages\shared\types
@viztechstack/types:build: > tsc -p tsconfig.json
@viztechstack/types:build: 
@viztechstack/validation:build: cache hit, replaying logs 3c228f068dedb9ca
@viztechstack/validation:build: 
@viztechstack/validation:build: > @viztechstack/validation@0.0.1 build D:\lh222k\CWJ\VizTechStack\packages\shared\validation
@viztechstack/validation:build: > tsc
@viztechstack/validation:build: 
@viztechstack/api-client:build: cache hit, replaying logs 193222f538be9ebb
@viztechstack/api-client:build: 
@viztechstack/api-client:build: > @viztechstack/api-client@0.0.1 build D:\lh222k\CWJ\VizTechStack\packages\shared\api-client
@viztechstack/api-client:build: > tsc
@viztechstack/api-client:build: 
@viztechstack/web:build: cache hit, replaying logs 8143b8d6b3da2c7f
@viztechstack/web:build: 
@viztechstack/web:build: > @viztechstack/web@0.1.0 build D:\lh222k\CWJ\VizTechStack\apps\web
@viztechstack/web:build: > next build
@viztechstack/web:build: 
@viztechstack/web:build: ▲ Next.js 16.1.6 (Turbopack)
@viztechstack/web:build: - Environments: .env.local
@viztechstack/web:build: 
@viztechstack/web:build:   Creating an optimized production build ...
@viztechstack/web:build: ✓ Compiled successfully in 30.3s
@viztechstack/web:build:   Running TypeScript ...
@viztechstack/web:build:   Collecting page data using 7 workers ...
@viztechstack/web:build:   Generating static pages using 7 workers (0/5) ...
@viztechstack/web:build:   Generating static pages using 7 workers (1/5) 
@viztechstack/web:build:   Generating static pages using 7 workers (2/5) 
@viztechstack/web:build: [getRoadmapsPageServer] Primary query failed, trying legacy query... {
@viztechstack/web:build:   error: 'Network error connecting to GraphQL API at http://localhost:4000/graphql: fetch failed',
@viztechstack/web:build:   status: undefined
@viztechstack/web:build: }
@viztechstack/web:build:   Generating static pages using 7 workers (3/5) 
@viztechstack/web:build: [getRoadmapsPageServer] Both primary and legacy queries failed: {
@viztechstack/web:build: [Homepage] Successfully fetched roadmaps: { count: 0, isDone: true }
@viztechstack/web:build:   primaryError: 'Network error connecting to GraphQL API at http://localhost:4000/graphql: fetch failed',
@viztechstack/web:build:   legacyError: 'Network error connecting to GraphQL API at http://localhost:4000/graphql: fetch failed'
@viztechstack/web:build: }
@viztechstack/web:build: ✓ Generating static pages using 7 workers (5/5) in 949.9ms
@viztechstack/web:build:   Finalizing page optimization ...
@viztechstack/web:build: 
@viztechstack/web:build: Route (app)
@viztechstack/web:build: ┌ ƒ /
@viztechstack/web:build: ├ ○ /_not-found
@viztechstack/web:build: ├ ƒ /admin/roadmaps
@viztechstack/web:build: ├ ƒ /admin/roadmaps/[slug]/edit
@viztechstack/web:build: ├ ƒ /admin/roadmaps/new
@viztechstack/web:build: ├ ƒ /my/bookmarks
@viztechstack/web:build: ├ ƒ /roadmaps
@viztechstack/web:build: └ ƒ /roadmaps/[slug]
@viztechstack/web:build: 
@viztechstack/web:build: 
@viztechstack/web:build: ƒ Proxy (Middleware)
@viztechstack/web:build: 
@viztechstack/web:build: ○  (Static)   prerendered as static content
@viztechstack/web:build: ƒ  (Dynamic)  server-rendered on demand
@viztechstack/web:build: 

 Tasks:    4 successful, 4 total
Cached:    4 cached, 4 total
  Time:    2.287s >>> FULL TURBO

